   Golden session                                                                                                                           
                                                                                                                                            
   Context                                                                                                                                  
   0 tokens                                                                                                                                 
   0% used                                                                                                                                  
   $0.00 spent                                                                                                                              
                                                                                                                                            
   LSP                                                                                                                                      
   managed by daemon                                                                                                                        
                                                                                                                                            
   Agents                                                                                                                                   
    running root                                                                                                                            
    idle      file-reader                                                                                                                   
                                                                                                                                            
                                                                                                                                            
                                                                                                                                            
                                                                                                                                            
                                                                                                                                            
                                             ❯ find the config loader                                                                       
                                                                                                                                            
                                               ← Read internal/config/config.go                                                             
                                                                                                                                            
                                               ↳ 5 lines · ctrl+e or click expands                                                          
                                                                                                                                            
                                               Found it. Load reads the JSON file:                                                          
                                                                                                                                            
                                               1. resolve the directory                                                                     
                                               2. decode the file                                                                           
                                                                                                                                            
                                                 cfg, err := config.Load()                                                                  
                                                                                                                                            
                                               See the docs.                                                                                
                                                                                                                                            
                                            ┃                                                                                               
                                            ┃  Ask whip anything… (/ for commands, tab completes)                                           
                                            ┃                                                                                               
                                            ┃  Off · kimi-k3-fast  inference                                                                
                                            ╹▀▀▀▀▀▀▀▀▀▀▀▀▀▀▀▀▀▀▀▀▀▀▀▀▀▀▀▀▀▀▀▀▀▀▀▀▀▀▀▀▀▀▀▀▀▀▀▀▀▀▀▀▀▀▀▀▀▀▀▀▀▀▀▀▀▀▀▀▀▀▀▀▀▀▀▀▀▀▀▀▀▀▀▀▀▀▀▀▀▀▀▀▀▀ 
                                                                                                                                            
 /work/whip                                                               ctrl+x r repl  ctrl+x t themes  ctrl+x b sidebar  ctrl+p commands 