[38;2;26;26;26;48;2;250;250;250m                                                                                                  [48;2;235;235;235m  [1mGolden session[22m                          [m
[38;2;26;26;26;48;2;250;250;250m                                                                                                  [48;2;235;235;235m                                          [m
[38;2;26;26;26;48;2;250;250;250m                                                                                                  [48;2;235;235;235m  [1mContext[22m                                 [m
[38;2;26;26;26;48;2;250;250;250m                                                                                                  [48;2;235;235;235m  [38;2;138;138;138m0 tokens[38;2;26;26;26m                                [m
[38;2;26;26;26;48;2;250;250;250m                                                                                                  [48;2;235;235;235m  [38;2;138;138;138m0% used[38;2;26;26;26m                                 [m
[38;2;26;26;26;48;2;250;250;250m                                                                                                  [48;2;235;235;235m  [38;2;138;138;138m$0.00 spent[38;2;26;26;26m                             [m
[38;2;26;26;26;48;2;250;250;250m                                                                                                  [48;2;235;235;235m                                          [m
[38;2;26;26;26;48;2;250;250;250m                                                                                                  [48;2;235;235;235m  [1mLSP[22m                                     [m
[38;2;26;26;26;48;2;250;250;250m                                                                                                  [48;2;235;235;235m  [38;2;138;138;138mmanaged by daemon[38;2;26;26;26m                       [m
[38;2;26;26;26;48;2;250;250;250m                                                                                                  [48;2;235;235;235m                                          [m
[38;2;26;26;26;48;2;250;250;250m                                                                                                  [48;2;235;235;235m  [1mAgents[22m                                  [m
[38;2;26;26;26;48;2;250;250;250m                                                                                                  [48;2;235;235;235m   [38;2;61;154;87mrunning[38;2;26;26;26m [38;2;138;138;138mroot[38;2;26;26;26m                           [m
[38;2;26;26;26;48;2;250;250;250m                                                                                                  [48;2;235;235;235m   [38;2;138;138;138midle   [38;2;26;26;26m   [38;2;138;138;138mfile-reader[38;2;26;26;26m                  [m
[38;2;26;26;26;48;2;250;250;250m                                                                                                  [48;2;235;235;235m                                          [m
[38;2;26;26;26;48;2;250;250;250m                                                                                                  [48;2;235;235;235m                                          [m
[38;2;26;26;26;48;2;250;250;250m                                                                                                  [48;2;235;235;235m                                          [m
[38;2;26;26;26;48;2;250;250;250m                                                                                                  [48;2;235;235;235m                                          [m
[38;2;26;26;26;48;2;250;250;250m                                                                                                  [48;2;235;235;235m                                          [m
[38;2;26;26;26;48;2;250;250;250m   ❯ find the config loader                                                                       [48;2;235;235;235m                                          [m
[38;2;26;26;26;48;2;250;250;250m                                                                                                  [48;2;235;235;235m                                          [m
[38;2;26;26;26;48;2;250;250;250m     [38;2;138;138;138m←[38;2;26;26;26m Read[38;2;138;138;138m internal/config/config.go[38;2;26;26;26m                                                             [48;2;235;235;235m                                          [m
[38;2;26;26;26;48;2;250;250;250m                                                                                                  [48;2;235;235;235m                                          [m
[38;2;26;26;26;48;2;250;250;250m     [38;2;138;138;138m↳ 5 lines · ctrl+e or click expands[38;2;26;26;26m                                                          [48;2;235;235;235m                                          [m
[38;2;26;26;26;48;2;250;250;250m                                                                                                  [48;2;235;235;235m                                          [m
[38;2;26;26;26;48;2;250;250;250m     Found it. [38;2;214;140;39;1mLoad[38;2;26;26;26;22m reads the JSON file:                                                          [48;2;235;235;235m                                          [m
[38;2;26;26;26;48;2;250;250;250m                                                                                                  [48;2;235;235;235m                                          [m
[38;2;26;26;26;48;2;250;250;250m     1. resolve the directory                                                                     [48;2;235;235;235m                                          [m
[38;2;26;26;26;48;2;250;250;250m     2. decode the file                                                                           [48;2;235;235;235m                                          [m
[38;2;26;26;26;48;2;250;250;250m                                                                                                  [48;2;235;235;235m                                          [m
[38;2;26;26;26;48;2;250;250;250m       [38;5;234mcfg[38;5;245m,[38;5;234m err := config[38;5;245m.[38;5;172mLoad[38;5;245m()[38;2;26;26;26m                                                                  [48;2;235;235;235m                                          [m
[38;2;26;26;26;48;2;250;250;250m                                                                                                  [48;2;235;235;235m                                          [m
[38;2;26;26;26;48;2;250;250;250m     See [38;2;49;135;149;1m]8;;https://example.com/configthe docs[38;2;26;26;26;22m]8;;.                                                                                [48;2;235;235;235m                                          [m
[38;2;26;26;26;48;2;250;250;250m                                                                                                  [48;2;235;235;235m                                          [m
[38;2;26;26;26;48;2;250;250;250m  [38;2;123;91;182;48;2;220;220;220m┃[38;2;26;26;26m                                                                                             [48;2;250;250;250m  [48;2;235;235;235m                                          [m
[38;2;26;26;26;48;2;250;250;250m  [38;2;123;91;182;48;2;220;220;220m┃[38;2;26;26;26m  [38;2;138;138;138mAsk whip anything… (/ for commands, tab completes)[38;2;26;26;26m                                         [48;2;250;250;250m  [48;2;235;235;235m                                          [m
[38;2;26;26;26;48;2;250;250;250m  [38;2;123;91;182;48;2;220;220;220m┃[38;2;26;26;26m                                                                                             [48;2;250;250;250m  [48;2;235;235;235m                                          [m
[38;2;26;26;26;48;2;250;250;250m  [38;2;123;91;182;48;2;220;220;220m┃[38;2;26;26;26m  [38;2;123;91;182mOff[38;2;138;138;138m · [38;2;26;26;26mkimi-k3-fast[38;2;138;138;138m  inference[38;2;26;26;26m                                                              [48;2;250;250;250m  [48;2;235;235;235m                                          [m
[38;2;26;26;26;48;2;250;250;250m  [38;2;123;91;182m╹[38;2;220;220;220m▀▀▀▀▀▀▀▀▀▀▀▀▀▀▀▀▀▀▀▀▀▀▀▀▀▀▀▀▀▀▀▀▀▀▀▀▀▀▀▀▀▀▀▀▀▀▀▀▀▀▀▀▀▀▀▀▀▀▀▀▀▀▀▀▀▀▀▀▀▀▀▀▀▀▀▀▀▀▀▀▀▀▀▀▀▀▀▀▀▀▀▀▀[38;2;26;26;26m  [48;2;235;235;235m                                          [m
[38;2;26;26;26;48;2;250;250;250m                                                                                                  [48;2;235;235;235m                                          [m
[38;2;26;26;26;48;2;250;250;250m [38;2;138;138;138m/work/whip[38;2;26;26;26m                                                               ctrl+x r[38;2;138;138;138m repl[38;2;26;26;26m  ctrl+x t[38;2;138;138;138m themes[38;2;26;26;26m  ctrl+x b[38;2;138;138;138m sidebar[38;2;26;26;26m  ctrl+p[38;2;138;138;138m commands[38;2;26;26;26m [m