                                                                                                  [48;2;235;235;235m  [38;2;26;26;26;1mGolden session[39;22m                          [m
                                                                                                  [48;2;235;235;235m                                          [m
                                                                                                  [48;2;235;235;235m  [38;2;26;26;26;1mContext[39;22m                                 [m
                                                                                                  [48;2;235;235;235m  [38;2;138;138;138m0 tokens[39m                                [m
                                                                                                  [48;2;235;235;235m  [38;2;138;138;138m0% used[39m                                 [m
                                                                                                  [48;2;235;235;235m  [38;2;138;138;138m$0.00 spent[39m                             [m
                                                                                                  [48;2;235;235;235m                                          [m
                                                                                                  [48;2;235;235;235m  [38;2;26;26;26;1mLSP[39;22m                                     [m
                                                                                                  [48;2;235;235;235m  [38;2;138;138;138mmanaged by daemon[39m                       [m
                                                                                                  [48;2;235;235;235m                                          [m
                                                                                                  [48;2;235;235;235m  [38;2;26;26;26;1mAgents[39;22m                                  [m
                                                                                                  [48;2;235;235;235m  [38;2;26;26;26m  ⚙ root (root-agent) — running[39m         [m
                                                                                                  [48;2;235;235;235m  [38;2;138;138;138m    ⚙ file-reader (ba06…c16d) — idle[39m    [m
                                                                                                  [48;2;235;235;235m                                          [m
                                                                                                  [48;2;235;235;235m                                          [m
                                                                                                  [48;2;235;235;235m                                          [m
                                                                                                  [48;2;235;235;235m                                          [m
                                                                                                  [48;2;235;235;235m                                          [m
   ❯ find the config loader                                                                       [48;2;235;235;235m                                          [m
                                                                                                  [48;2;235;235;235m                                          [m
     [38;2;138;138;138m←[m [38;2;26;26;26mRead[38;2;138;138;138m internal/config/config.go[m                                                             [48;2;235;235;235m                                          [m
                                                                                                  [48;2;235;235;235m                                          [m
     [38;2;138;138;138m↳ 5 lines · ctrl+e or click expands[m                                                          [48;2;235;235;235m                                          [m
                                                                                                  [48;2;235;235;235m                                          [m
     [38;2;26;26;26mFound it. [38;2;214;140;39;1mLoad[38;2;26;26;26;22m reads the JSON file:[m                                                          [48;2;235;235;235m                                          [m
                                                                                                  [48;2;235;235;235m                                          [m
     [38;2;26;26;26m1. resolve the directory[m                                                                     [48;2;235;235;235m                                          [m
     [38;2;26;26;26m2. decode the file[m                                                                           [48;2;235;235;235m                                          [m
                                                                                                  [48;2;235;235;235m                                          [m
     [38;2;26;26;26m  [38;5;234mcfg[38;5;245m,[38;5;234m err := config[38;5;245m.[38;5;172mLoad[38;5;245m()[m                                                                  [48;2;235;235;235m                                          [m
                                                                                                  [48;2;235;235;235m                                          [m
     [38;2;26;26;26mSee [38;2;49;135;149;1m]8;;https://example.com/configthe docs[38;2;26;26;26;22m]8;;.[m                                                                                [48;2;235;235;235m                                          [m
                                                                                                  [48;2;235;235;235m                                          [m
  [38;2;123;91;182;48;2;225;225;225m┃[39m                                                                                             [m  [48;2;235;235;235m                                          [m
  [38;2;123;91;182;48;2;225;225;225m┃[39m  [37;7mA[38;2;138;138;138;27msk whip anything… (/ for commands, tab completes)[39m                                         [m  [48;2;235;235;235m                                          [m
  [38;2;123;91;182;48;2;225;225;225m┃[39m                                                                                             [m  [48;2;235;235;235m                                          [m
  [38;2;123;91;182;48;2;225;225;225m┃[39m  [38;2;123;91;182mOff[38;2;138;138;138m · [38;2;26;26;26mkimi-k3-fast[38;2;138;138;138m  inference[39m                                                              [m  [48;2;235;235;235m                                          [m
  [38;2;123;91;182m╹[38;2;225;225;225m▀▀▀▀▀▀▀▀▀▀▀▀▀▀▀▀▀▀▀▀▀▀▀▀▀▀▀▀▀▀▀▀▀▀▀▀▀▀▀▀▀▀▀▀▀▀▀▀▀▀▀▀▀▀▀▀▀▀▀▀▀▀▀▀▀▀▀▀▀▀▀▀▀▀▀▀▀▀▀▀▀▀▀▀▀▀▀▀▀▀▀▀▀[m  [48;2;235;235;235m                                          [m
                                                                                                  [48;2;235;235;235m                                          [m
  [38;2;138;138;138m /Users/samheutmaker/Desktop/context-labs/src/rlm/whip/.worktrees/feat/rlm-ru… [38;2;26;26;26mctrl+p[38;2;138;138;138m commands[m  [48;2;235;235;235m  [38;2;61;154;87m• [38;2;26;26;26;1mwhip[38;2;138;138;138;22m dev[39m                              [m