                                                                                                  [48;2;235;235;235m  [m[1;38;2;26;26;26;48;2;235;235;235mGolden session[m[48;2;235;235;235m                          [m
                                                                                                  [48;2;235;235;235m  [m[48;2;235;235;235m                                        [m
                                                                                                  [48;2;235;235;235m  [m[1;38;2;26;26;26;48;2;235;235;235mContext[m[48;2;235;235;235m                                 [m
                                                                                                  [48;2;235;235;235m  [m[38;2;138;138;138;48;2;235;235;235m0 tokens[m[48;2;235;235;235m                                [m
                                                                                                  [48;2;235;235;235m  [m[38;2;138;138;138;48;2;235;235;235m0% used[m[48;2;235;235;235m                                 [m
                                                                                                  [48;2;235;235;235m  [m[38;2;138;138;138;48;2;235;235;235m$0.00 spent[m[48;2;235;235;235m                             [m
                                                                                                  [48;2;235;235;235m  [m[48;2;235;235;235m                                        [m
                                                                                                  [48;2;235;235;235m  [m[1;38;2;26;26;26;48;2;235;235;235mLSP[m[48;2;235;235;235m                                     [m
                                                                                                  [48;2;235;235;235m  [m[38;2;138;138;138;48;2;235;235;235mmanaged by daemon[m[48;2;235;235;235m                       [m
                                                                                                  [48;2;235;235;235m  [m[48;2;235;235;235m                                        [m
                                                                                                  [48;2;235;235;235m  [m[1;38;2;26;26;26;48;2;235;235;235mAgents[m[48;2;235;235;235m                                  [m
                                                                                                  [48;2;235;235;235m  [m[38;2;26;26;26;48;2;235;235;235m  ⚙ root (root-agent) — running[m[48;2;235;235;235m         [m
                                                                                                  [48;2;235;235;235m  [m[38;2;138;138;138;48;2;235;235;235m    ⚙ file-reader (ba06…c16d) — idle[m[48;2;235;235;235m    [m
                                                                                                  [48;2;235;235;235m  [m[48;2;235;235;235m                                        [m
                                                                                                  [48;2;235;235;235m  [m[48;2;235;235;235m                                        [m
                                                                                                  [48;2;235;235;235m  [m[48;2;235;235;235m                                        [m
                                                                                                  [48;2;235;235;235m  [m[48;2;235;235;235m                                        [m
                                                                                                  [48;2;235;235;235m  [m[48;2;235;235;235m                                        [m
   ❯ find the config loader                                                                       [48;2;235;235;235m  [m[48;2;235;235;235m                                        [m
                                                                                                  [48;2;235;235;235m  [m[48;2;235;235;235m                                        [m
     [38;2;138;138;138m←[0m [38;2;26;26;26mRead[0m[38;2;138;138;138m internal/config/config.go[0m                                                           [0m  [48;2;235;235;235m  [m[48;2;235;235;235m                                        [m
                                                                                                  [48;2;235;235;235m  [m[48;2;235;235;235m                                        [m
     [38;2;138;138;138m↳ 5 lines · ctrl+e or click expands[0m                                                        [0m  [48;2;235;235;235m  [m[48;2;235;235;235m                                        [m
                                                                                                  [48;2;235;235;235m  [m[48;2;235;235;235m                                        [m
     [38;2;26;26;26mFound it. [0m[38;2;214;140;39;1mLoad[0m[38;2;26;26;26m reads the JSON[0m[38;2;26;26;26m file:[0m                                                        [0m  [48;2;235;235;235m  [m[48;2;235;235;235m                                        [m
                                                                                                  [48;2;235;235;235m  [m[48;2;235;235;235m                                        [m
     [38;2;26;26;26m1[0m[38;2;26;26;26m. [0m[38;2;26;26;26mresolve the[0m[38;2;26;26;26m directory[0m                                                                   [0m  [48;2;235;235;235m  [m[48;2;235;235;235m                                        [m
     [38;2;26;26;26m2[0m[38;2;26;26;26m. [0m[38;2;26;26;26mdecode the[0m[38;2;26;26;26m file[0m                                                                         [0m  [48;2;235;235;235m  [m[48;2;235;235;235m                                        [m
                                                                                                  [48;2;235;235;235m  [m[48;2;235;235;235m                                        [m
     [38;2;26;26;26m [0m[38;2;26;26;26m [0m[38;5;234mcfg[0m[38;5;245m,[0m[38;5;234m [0m[38;5;234merr[0m[38;5;234m [0m[38;5;234m:=[0m[38;5;234m [0m[38;5;234mconfig[0m[38;5;245m.[0m[38;5;172mLoad[0m[38;5;245m()[0m                                                                [0m  [48;2;235;235;235m  [m[48;2;235;235;235m                                        [m
                                                                                                  [48;2;235;235;235m  [m[48;2;235;235;235m                                        [m
     [38;2;26;26;26mSee [0m]8;;https://example.com/config[38;2;49;135;149;1mthe docs[0m]8;;[38;2;26;26;26m.[0m                                                                              [0m  [48;2;235;235;235m  [m[48;2;235;235;235m                                        [m
                                                                                                  [48;2;235;235;235m  [m[48;2;235;235;235m                                        [m
  [38;2;123;91;182;48;2;225;225;225m┃[m[48;2;225;225;225m                                                                                             [m  [48;2;235;235;235m  [m[48;2;235;235;235m                                        [m
  [38;2;123;91;182;48;2;225;225;225m┃[m[48;2;225;225;225m  [48;2;225;225;225m[38;2;123;91;182m[m[m[48;2;225;225;225m[7;37mA[m[m[48;2;225;225;225m[38;2;138;138;138;48;2;225;225;225msk whip anything… (/ for commands, tab completes)[m[m[48;2;225;225;225m                                         [m[m  [48;2;235;235;235m  [m[48;2;235;235;235m                                        [m
  [38;2;123;91;182;48;2;225;225;225m┃[m[48;2;225;225;225m                                                                                             [m  [48;2;235;235;235m  [m[48;2;235;235;235m                                        [m
  [38;2;123;91;182;48;2;225;225;225m┃[m[48;2;225;225;225m  [m[38;2;123;91;182;48;2;225;225;225mOff[m[38;2;138;138;138;48;2;225;225;225m · [m[38;2;26;26;26;48;2;225;225;225mkimi-k3-fast[m[38;2;138;138;138;48;2;225;225;225m  inference[m[48;2;225;225;225m                                                              [m  [48;2;235;235;235m  [m[48;2;235;235;235m                                        [m
  [38;2;123;91;182m╹[m[38;2;225;225;225m▀▀▀▀▀▀▀▀▀▀▀▀▀▀▀▀▀▀▀▀▀▀▀▀▀▀▀▀▀▀▀▀▀▀▀▀▀▀▀▀▀▀▀▀▀▀▀▀▀▀▀▀▀▀▀▀▀▀▀▀▀▀▀▀▀▀▀▀▀▀▀▀▀▀▀▀▀▀▀▀▀▀▀▀▀▀▀▀▀▀▀▀▀[m  [48;2;235;235;235m  [m[48;2;235;235;235m                                        [m
                                                                                                  [48;2;235;235;235m  [m[48;2;235;235;235m                                        [m
  [38;2;138;138;138m /Users/samheutmaker/Desktop/context-labs/src/rlm/whip/.worktrees/feat/rlm-ru…[m[38;2;138;138;138m [m[38;2;138;138;138m[m[38;2;26;26;26mctrl+p[m[38;2;138;138;138m commands[m  [48;2;235;235;235m  [m[38;2;61;154;87;48;2;235;235;235m• [m[1;38;2;26;26;26;48;2;235;235;235mwhip[m[38;2;138;138;138;48;2;235;235;235m dev[m[48;2;235;235;235m                              [m