                                                                                                                        
                                                                                                                        
                                                               REPL · root                                    0 cells   
                                                                                                                        
                                                               Cells appear as the agent runs                           
                                                                                                                        
                                                                                                                        
                                                                                                                        
                                                                                                                        
                                                                                                                        
                                                                                                                        
                                                                                                                        
                                                                                                                        
                                                                                                                        
                                                                                                                        
                                                                                                                        
   ❯ find the config loader                                                                                             
                                                                                                                        
     ← Read internal/config/config.go                                                                                   
                                                                                                                        
     ↳ 5 lines · ctrl+e or click expands                                                                                
                                                                                                                        
     Found it. Load reads the JSON file:                                                                                
                                                                                                                        
     1. resolve the directory                                                                                           
     2. decode the file                                                                                                 
                                                                                                                        
       cfg, err := config.Load()                                                                                        
                                                                                                                        
     See the docs.                                                                                                      
                                                                                                                        
  ┃                                                                                                                     
  ┃  Ask whip anything… (/ commands, tab completes)                                                                     
  ┃                                                                                                                     
  ┃  Off · kimi-k3-fast  inference                                                                                      
  ┃                                                                                                                     
   running root                                                                                                         
   idle      file-reader                                                                                                
                                                                                                                        
 /work/whip                                           ctrl+x r repl  ctrl+x t themes  ctrl+x b sidebar  ctrl+p commands 