                                                                                                                                            
    [1] Agents                          1                                                                                                   
                                                                                                                                            
    running root                                                                                                                            
    idle      file-reader                                                                                                                   
                                                                                                                                            
                                                                                                                                            
                                                                                                                                            
                                                                                                                                            
                                                                                                                                            
                                                                                                                                            
                                                                                                                                            
                                                                                                                                            
                                                                                                                                            
                                                                                                                                            
                                                                                                                                            
                                                                                                                                            
                                                                                                                                            
                                                                                                                                            
                                             ❯ find the config loader                                                                       
                                                                                                                                            
                                               ← Read internal/config/config.go                                                             
                                                                                                                                            
                                               ↳ 5 lines · ctrl+e or click expands                                                          
                                                                                                                                            
                                               Found it. Load reads the JSON file:                                                          
                                                                                                                                            
                                               1. resolve the directory                                                                     
                                               2. decode the file                                                                           
                                                                                                                                            
                                                 cfg, err := config.Load()                                                                  
                                                                                                                                            
                                               See the docs.                                                                                
    [2] Context                        0%                                                                                                   
                                            ┃                                                                                               
                                            ┃  Ask whip anything… (/ commands, tab completes)                                               
                                            ┃                                                                                               
    [3] LSP                             0   ┃  Off · kimi-k3-fast  inference                                                                
                                            ╹                                                                                               
 /work/whip                                                               ctrl+x r repl  ctrl+x t themes  ctrl+x b sidebar  ctrl+p commands 