                                                                                                                                            
    [1] Agents                          1                                                                                                   
                                                                                                                                            
    running root                                                                                                                            
    idle      file-reader                                                                                                                   
                                                                                                                                            
                                                             Commands                                                 esc                   
                                                                                                                                            
                                                             Search                                                                         
                                                                                                                                            
                                                             Themes                                                                         
                                                             auto                                                ████████                   
                                                             light                                               ████████                   
                                                             dark                                                ████████                   
                                                             aura                                                ████████                   
                                                             aura-light                                          ████████                   
                                                             ayu                                                 ████████                   
                                                             ayu-light                                           ████████                   
                                                             carbonfox                                           ████████                   
                                             ❯ find the con  carbonfox-light                                     ████████                   
                                                             catppuccin                                          ████████                   
                                               ← Read inter  catppuccin-frappe                                   ████████                   
                                                             catppuccin-frappe-light                             ████████                   
                                               ↳ 5 lines ·   catppuccin-light                                    ████████                   
                                                             catppuccin-macchiato                                ████████                   
                                               Found it. Lo  catppuccin-macchiato-light                          ████████                   
                                                             cobalt2                                             ████████                   
                                               1. resolve t  cobalt2-light                                       ████████                   
                                               2. decode th  cursor                                              ████████                   
                                                             cursor-light                                        ████████                   
                                                 cfg, err :  dracula                                             ████████                   
                                                             dracula-light                                       ████████                   
                                               See the docs  everforest                                          ████████                   
    [2] Context                        0%                    everforest-light                                    ████████                   
                                            ┃                flexoki                                             ████████                   
                                            ┃  Ask whip any  flexoki-light                                       ████████                   
                                            ┃                github                                              ████████                   
    [3] LSP                             0   ┃  Off · kimi-k  github-light                                        ████████                   
                                            ╹▀▀▀▀▀▀▀▀▀▀▀▀▀▀                                                                ▀▀▀▀▀▀▀▀▀▀▀▀▀▀▀▀ 
 /work/whip                                                               ctrl+x r repl  ctrl+x t themes  ctrl+x b sidebar  ctrl+p commands 