                                        
  Sessions                         esc  
                                        
  Today                                 
  five                              5m  
  six                               6m  
  seven                             7m  
                                        