                                            
  Commands                             esc  
                                            
  Search                                    
                                            
  Session                                   
  New session                         /new  
  Resume session                   /resume  
                                            
  Display                                   
  Theme: auto                  /theme auto  
                                            
  enter select  type to filter              
                                            