[48;2;0;0;0m                                        [m
[48;2;0;0;0m  [m[1;38;2;26;26;26;48;2;0;0;0mSelect model[m[48;2;0;0;0m                     [m[38;2;138;138;138;48;2;0;0;0mesc[m[48;2;0;0;0m  [m
[48;2;0;0;0m                                        [m
[48;2;0;0;0m  [m[38;2;26;26;26;48;2;0;0;0mzzz[m[48;2;0;0;0m                                 [m[48;2;0;0;0m  [m
[48;2;0;0;0m                                        [m
[48;2;0;0;0m  [m[38;2;138;138;138;48;2;0;0;0mNo results found[m[48;2;0;0;0m                    [m[48;2;0;0;0m  [m
[48;2;0;0;0m                                        [m