                                        
  Themes                           esc  
                                        
  Search                                
                                        
  Themes                                
  auto                        ████████  
  tokyonight                  ████████  
                                        